hill_0-2_1B	hill
hill_0-2_2H	hill
hill_10-12_2H	hill
hill_12-14_1H	hill
hill_16-18_A2	hill
hill_2-4_10-25	hill
hill_2-4_11H	hill
hill_2-4_16B	hill
hill_2-4_3H	hill
hill_2-4_4H	hill
hill_2-4_5H	hill
hill_2-4_6H	hill
hill_2-4_7B	hill
hill_2-4_7H	hill
hill_2-4_8H	hill
hill_4-6_10-9	hill
hill_4-6_12H	hill
hill_4-6_17H	hill
hill_4-6_18H	hill
hill_4-6_22H	hill
hill_4-6_23B	hill
hill_4-6_25H	hill
hill_4-6_26H	hill
hill_4-6_33H	hill
hill_4-6_4B	hill
hill_6-8_10H	hill
hill_6-8_11H	hill
hill_6-8_1H	hill
hill_6-8_2H	hill
hill_6-8_3H	hill
hill_6-8_4H	hill
hill_6-8_6H	hill
hill_6-8_7H	hill
hill_6-8_9B	hill
hill_6-8_9H	hill
hill_8-10_10-23	hill
hill_8-10_10-26	hill
hill_8-10_10-29	hill
hill_8-10_10-38	hill
hill_8-10_12B	hill
hill_8-10_2H	hill
hill_lake_10-12	hill
hill_lake_11-10	hill
hill_lake_11-13	hill
hill_lake_11-16	hill
hill_lake_11-19	hill
hill_lake_11-21	hill
hill_lake_11-2	hill
hill_lake_11-4	hill
hill_lake_11-7	hill
hill_lake_11-8	hill
SC_12-16_10A	SC
SC_12-16_10B	SC
SC_12-16_13A	SC
SC_12-16_15A	SC
SC_12-16_4A	SC
SC_12-16_4C	SC
SC_12-16_5A	SC
SC_12-16_6A	SC
SC_12-16_7A	SC
SC_12-16_8B	SC
SC_20-24_2X	SC
SC_20-24_35X	SC
SC_20-24_37X	SC
SC_20-24_38X	SC
SC_20-24_39X	SC
SC_20-24_41X	SC
SC_20-24_42X	SC
SC_20-24_47X	SC
SC_20-24_7X	SC
SC_20-24_8X	SC
SC_4-8_12	SC
SC_4-8_13B	SC
SC_4-8_14B	SC
SC_4-8_15A	SC
SC_4-8_16A	SC
SC_4-8_18B	SC
SC_4-8_2B	SC
SC_4-8_3A	SC
SC_4-8_4B	SC
SC_4-8_6A	SC
SC_52-56_1X	SC
SC_52-56_2X	SC
SC_60-64_1X	SC
SC_60-64_3X	SC
SC_lake_10-11	SC
SC_lake_11-11	SC
SC_lake_11-14	SC
SC_lake_11-1	SC
SC_lake_11-20	SC
SC_lake_11-2	SC
SC_lake_11-5	SC
SC_lake_7	SC
SC_lake_8	SC
SC_lake_9	SC
